> Hello, what is your name?
< Zerumi
> Hello, Zerumi!
