{"initCommand":13,"program":[{"type":"io.github.zerumi.csa3.isa.MemoryCell.Data"},{"type":"io.github.zerumi.csa3.isa.MemoryCell.Instruction","opcode":"DUP"},{"type":"io.github.zerumi.csa3.isa.MemoryCell.OperandInstruction","opcode":"LIT","operand":1},{"type":"io.github.zerumi.csa3.isa.MemoryCell.Instruction","opcode":"SUB"},{"type":"io.github.zerumi.csa3.isa.MemoryCell.OperandInstruction","opcode":"LIT","operand":12},{"type":"io.github.zerumi.csa3.isa.MemoryCell.Instruction","opcode":"SWAP"},{"type":"io.github.zerumi.csa3.isa.MemoryCell.Instruction","opcode":"JZ"},{"type":"io.github.zerumi.csa3.isa.MemoryCell.Instruction","opcode":"DUP"},{"type":"io.github.zerumi.csa3.isa.MemoryCell.Instruction","opcode":"DEC"},{"type":"io.github.zerumi.csa3.isa.MemoryCell.OperandInstruction","opcode":"LIT","operand":1},{"type":"io.github.zerumi.csa3.isa.MemoryCell.Instruction","opcode":"CALL"},{"type":"io.github.zerumi.csa3.isa.MemoryCell.Instruction","opcode":"MUL"},{"type":"io.github.zerumi.csa3.isa.MemoryCell.Instruction","opcode":"RET"},{"type":"io.github.zerumi.csa3.isa.MemoryCell.OperandInstruction","opcode":"LIT","operand":11},{"type":"io.github.zerumi.csa3.isa.MemoryCell.OperandInstruction","opcode":"LIT","operand":1},{"type":"io.github.zerumi.csa3.isa.MemoryCell.Instruction","opcode":"CALL"},{"type":"io.github.zerumi.csa3.isa.MemoryCell.OperandInstruction","opcode":"LIT"},{"type":"io.github.zerumi.csa3.isa.MemoryCell.Instruction","opcode":"STORE"},{"type":"io.github.zerumi.csa3.isa.MemoryCell.Instruction","opcode":"HALT"}]}