{"initCommand":34,"program":[{"type":"io.github.zerumi.csa3.isa.MemoryCell.Data","value":1},{"type":"io.github.zerumi.csa3.isa.MemoryCell.Data","value":2},{"type":"io.github.zerumi.csa3.isa.MemoryCell.Data","value":72},{"type":"io.github.zerumi.csa3.isa.MemoryCell.Data","value":101},{"type":"io.github.zerumi.csa3.isa.MemoryCell.Data","value":108},{"type":"io.github.zerumi.csa3.isa.MemoryCell.Data","value":108},{"type":"io.github.zerumi.csa3.isa.MemoryCell.Data","value":111},{"type":"io.github.zerumi.csa3.isa.MemoryCell.Data","value":44},{"type":"io.github.zerumi.csa3.isa.MemoryCell.Data","value":32},{"type":"io.github.zerumi.csa3.isa.MemoryCell.Data","value":119},{"type":"io.github.zerumi.csa3.isa.MemoryCell.Data","value":111},{"type":"io.github.zerumi.csa3.isa.MemoryCell.Data","value":114},{"type":"io.github.zerumi.csa3.isa.MemoryCell.Data","value":108},{"type":"io.github.zerumi.csa3.isa.MemoryCell.Data","value":100},{"type":"io.github.zerumi.csa3.isa.MemoryCell.Data","value":33},{"type":"io.github.zerumi.csa3.isa.MemoryCell.Data"},{"type":"io.github.zerumi.csa3.isa.MemoryCell.OperandInstruction","opcode":"LIT"},{"type":"io.github.zerumi.csa3.isa.MemoryCell.Instruction","opcode":"LOAD"},{"type":"io.github.zerumi.csa3.isa.MemoryCell.Instruction","opcode":"OUT"},{"type":"io.github.zerumi.csa3.isa.MemoryCell.Instruction","opcode":"RET"},{"type":"io.github.zerumi.csa3.isa.MemoryCell.Instruction","opcode":"DUP"},{"type":"io.github.zerumi.csa3.isa.MemoryCell.Instruction","opcode":"LOAD"},{"type":"io.github.zerumi.csa3.isa.MemoryCell.Instruction","opcode":"DUP"},{"type":"io.github.zerumi.csa3.isa.MemoryCell.OperandInstruction","opcode":"LIT","operand":31},{"type":"io.github.zerumi.csa3.isa.MemoryCell.Instruction","opcode":"SWAP"},{"type":"io.github.zerumi.csa3.isa.MemoryCell.Instruction","opcode":"JZ"},{"type":"io.github.zerumi.csa3.isa.MemoryCell.OperandInstruction","opcode":"LIT","operand":16},{"type":"io.github.zerumi.csa3.isa.MemoryCell.Instruction","opcode":"CALL"},{"type":"io.github.zerumi.csa3.isa.MemoryCell.Instruction","opcode":"INC"},{"type":"io.github.zerumi.csa3.isa.MemoryCell.OperandInstruction","opcode":"LIT","operand":20},{"type":"io.github.zerumi.csa3.isa.MemoryCell.Instruction","opcode":"JUMP"},{"type":"io.github.zerumi.csa3.isa.MemoryCell.Instruction","opcode":"DROP"},{"type":"io.github.zerumi.csa3.isa.MemoryCell.Instruction","opcode":"DROP"},{"type":"io.github.zerumi.csa3.isa.MemoryCell.Instruction","opcode":"RET"},{"type":"io.github.zerumi.csa3.isa.MemoryCell.OperandInstruction","opcode":"LIT","operand":1},{"type":"io.github.zerumi.csa3.isa.MemoryCell.Instruction","opcode":"LOAD"},{"type":"io.github.zerumi.csa3.isa.MemoryCell.OperandInstruction","opcode":"LIT","operand":20},{"type":"io.github.zerumi.csa3.isa.MemoryCell.Instruction","opcode":"CALL"},{"type":"io.github.zerumi.csa3.isa.MemoryCell.Instruction","opcode":"HALT"}]}